make[2]: Entering directory '/home/galal/openwrt/scripts/config'
make[2]: 'conf' is up to date.
make[2]: Leaving directory '/home/galal/openwrt/scripts/config'
time: target/linux/prereq#1.49#0.24#1.73
make[1]: Entering directory '/home/galal/openwrt'
+ mkdir -p /home/galal/openwrt/staging_dir/target-mipsel_24kc_musl
+ cd /home/galal/openwrt/staging_dir/target-mipsel_24kc_musl
+ mkdir -p bin lib stamp usr/include usr/lib
mkdir -p /home/galal/openwrt/build_dir/target-mipsel_24kc_musl/stamp
touch /home/galal/openwrt/staging_dir/target-mipsel_24kc_musl/.prepared
make[2]: Entering directory '/home/galal/openwrt/target/linux'
make[3]: Entering directory '/home/galal/openwrt/target/linux/ramips'
rm -f /home/galal/openwrt/build_dir/target-mipsel_24kc_musl/linux-ramips_mt7621/linux-6.6.110/localversion
/home/galal/openwrt/scripts/kconfig.pl  + /home/galal/openwrt/target/linux/generic/config-6.6 /home/galal/openwrt/target/linux/ramips/mt7621/config-6.6 > /home/galal/openwrt/build_dir/target-mipsel_24kc_musl/linux-ramips_mt7621/linux-6.6.110/.config.target
awk '/^(#[[:space:]]+)?CONFIG_KERNEL/{sub("CONFIG_KERNEL_","CONFIG_");print}' /home/galal/openwrt/.config >> /home/galal/openwrt/build_dir/target-mipsel_24kc_musl/linux-ramips_mt7621/linux-6.6.110/.config.target
echo "# CONFIG_KALLSYMS_EXTRA_PASS is not set" >> /home/galal/openwrt/build_dir/target-mipsel_24kc_musl/linux-ramips_mt7621/linux-6.6.110/.config.target
echo "# CONFIG_KALLSYMS_ALL is not set" >> /home/galal/openwrt/build_dir/target-mipsel_24kc_musl/linux-ramips_mt7621/linux-6.6.110/.config.target
echo "CONFIG_KALLSYMS_UNCOMPRESSED=y" >> /home/galal/openwrt/build_dir/target-mipsel_24kc_musl/linux-ramips_mt7621/linux-6.6.110/.config.target
/home/galal/openwrt/scripts/package-metadata.pl kconfig /home/galal/openwrt/tmp/.packageinfo /home/galal/openwrt/.config 6.6 > /home/galal/openwrt/build_dir/target-mipsel_24kc_musl/linux-ramips_mt7621/linux-6.6.110/.config.override
/home/galal/openwrt/scripts/kconfig.pl 'm+' '+' /home/galal/openwrt/build_dir/target-mipsel_24kc_musl/linux-ramips_mt7621/linux-6.6.110/.config.target /dev/null /home/galal/openwrt/build_dir/target-mipsel_24kc_musl/linux-ramips_mt7621/linux-6.6.110/.config.override > /home/galal/openwrt/build_dir/target-mipsel_24kc_musl/linux-ramips_mt7621/linux-6.6.110/.config.set
bash: line 1: /home/galal/openwrt/build_dir/target-mipsel_24kc_musl/linux-ramips_mt7621/linux-6.6.110/.config.set: Permission denied
make[3]: *** [Makefile:29: /home/galal/openwrt/build_dir/target-mipsel_24kc_musl/linux-ramips_mt7621/linux-6.6.110/.configured] Error 1
make[3]: Leaving directory '/home/galal/openwrt/target/linux/ramips'
make[2]: *** [Makefile:12: compile] Error 2
make[2]: Leaving directory '/home/galal/openwrt/target/linux'
time: target/linux/compile#0.23#0.04#0.26
    ERROR: target/linux failed to build.
make[1]: *** [target/Makefile:32: target/linux/compile] Error 1
make[1]: Leaving directory '/home/galal/openwrt'
make: *** [/home/galal/openwrt/include/toplevel.mk:233: target/linux/compile] Error 2
j88f 54+not